# TC-04:三份 compose 用新变量名渲染 + 渲染结果断言
$ cd /home/rabbir/Projects/dopilot
$ 'bash' '.ai/2026-07-28/unify-env-var-prefix/evidence/tc04-compose-config.sh'
docker compose 版本:Docker Compose version v5.1.4

===== docker-compose.yml =====
  name: docker
  services:
    db:
      environment:
        POSTGRES_DB: dopilot
        POSTGRES_PASSWORD: dopilot
        POSTGRES_USER: dopilot
      healthcheck:
        test:
          - CMD-SHELL
          - pg_isready -U dopilot -d dopilot
        timeout: 5s
        interval: 5s
        retries: 10
      image: postgres:16
      logging:
        driver: json-file
        options:
          max-file: "3"
          max-size: 10m
      networks:
        default: null
      ports:
        - mode: ingress
          target: 5432
          published: "5432"
          protocol: tcp
      restart: unless-stopped
      volumes:
        - type: volume
          source: dopilot-db
          target: /var/lib/postgresql/data
          volume: {}
    migrate:
      command:
        - alembic
        - upgrade
        - head
      depends_on:
        db:
          condition: service_healthy
          required: true
      environment:
        DOPILOT_DATABASE_URL: postgresql+psycopg://dopilot:dopilot@db:5432/dopilot
      image: rabbir/dopilot:latest
      logging:
        driver: json-file
        options:
          max-file: "3"
          max-size: 10m
      networks:
        default: null
      restart: "no"
    redis:
      command:
        - redis-server
        - --appendonly
        - "yes"
        - --requirepass
        - tc04-pass
        - --maxmemory
        - 512mb
        - --maxmemory-policy
        - noeviction
        - --auto-aof-rewrite-percentage
        - "100"
        - --auto-aof-rewrite-min-size
        - 64mb
      healthcheck:
        test:
          - CMD
          - redis-cli
          - --no-auth-warning
          - -a
          - tc04-pass
          - ping
        timeout: 5s
        interval: 5s
        retries: 20
      image: redis:7
      logging:
        driver: json-file
        options:
          max-file: "3"
          max-size: 10m
      networks:
        default: null
      restart: unless-stopped
      volumes:
        - type: volume
          source: dopilot-redis
          target: /data
          volume: {}
    scrapy-agent-1:
      command:
        - dopilot-agent
      depends_on:
        redis:
          condition: service_healthy
          required: true
      environment:
        DOPILOT_AGENT_ID: scrapy-agent-1
        DOPILOT_AGENT_TOKEN: change-me-agent-token
        DOPILOT_AGENT_WORKDIR: /agent-data
        DOPILOT_REDIS_URL: redis://:tc04-pass@redis:6379/0
      healthcheck:
        test:
          - CMD
          - dopilot-agent-healthcheck
        timeout: 5s
        interval: 5s
        retries: 20
        start_period: 30s
      image: rabbir/dopilot:latest
      init: true
      logging:
        driver: json-file
        options:
          max-file: "3"
          max-size: 10m
      networks:
        default: null
      restart: unless-stopped
      volumes:
        - type: volume
          source: dopilot-agent1-data
          target: /agent-data
          volume: {}
    scrapy-agent-2:
      command:
        - dopilot-agent
      depends_on:
        redis:
          condition: service_healthy
          required: true
      environment:
        DOPILOT_AGENT_ID: scrapy-agent-2
        DOPILOT_AGENT_TOKEN: change-me-agent-token
        DOPILOT_AGENT_WORKDIR: /agent-data
        DOPILOT_REDIS_URL: redis://:tc04-pass@redis:6379/0
      healthcheck:
        test:
          - CMD
          - dopilot-agent-healthcheck
        timeout: 5s
        interval: 5s
        retries: 20
        start_period: 30s
      image: rabbir/dopilot:latest
      init: true
      logging:
        driver: json-file
        options:
          max-file: "3"
          max-size: 10m
      networks:
        default: null
      restart: unless-stopped
      volumes:
        - type: volume
          source: dopilot-agent2-data
          target: /agent-data
          volume: {}
    scrapy-agent-3:
      command:
        - dopilot-agent
      depends_on:
        redis:
          condition: service_healthy
          required: true
      environment:
        DOPILOT_AGENT_ID: scrapy-agent-3
        DOPILOT_AGENT_TOKEN: change-me-agent-token
        DOPILOT_AGENT_WORKDIR: /agent-data
        DOPILOT_REDIS_URL: redis://:tc04-pass@redis:6379/0
      healthcheck:
        test:
          - CMD
          - dopilot-agent-healthcheck
        timeout: 5s
        interval: 5s
        retries: 20
        start_period: 30s
      image: rabbir/dopilot:latest
      init: true
      logging:
        driver: json-file
        options:
          max-file: "3"
          max-size: 10m
      networks:
        default: null
      restart: unless-stopped
      volumes:
        - type: volume
          source: dopilot-agent3-data
          target: /agent-data
          volume: {}
    server:
      command:
        - dopilot-server
        - -b
        - 0.0.0.0
        - -p
        - "5000"
      depends_on:
        db:
          condition: service_healthy
          required: true
        migrate:
          condition: service_completed_successfully
          required: true
        redis:
          condition: service_healthy
          required: true
        scrapy-agent-1:
          condition: service_healthy
          required: true
        scrapy-agent-2:
          condition: service_healthy
          required: true
        scrapy-agent-3:
          condition: service_healthy
          required: true
      environment:
        DOPILOT_ADMIN_API_TOKEN: change-me-admin-api-token
        DOPILOT_ADMIN_PASSWORD: change-me
        DOPILOT_AGENT_TOKEN: change-me-agent-token
        DOPILOT_DATABASE_URL: postgresql+psycopg://dopilot:dopilot@db:5432/dopilot
        DOPILOT_REDIS_URL: redis://:tc04-pass@redis:6379/0
      healthcheck:
        test:
          - CMD
          - python3
          - -c
          - import urllib.request,sys; sys.exit(0 if urllib.request.urlopen('http://localhost:5000/api/v1/health', timeout=3).status==200 else 1)
        timeout: 5s
        interval: 5s
        retries: 20
        start_period: 20s
      image: rabbir/dopilot:latest
      init: true
      logging:
        driver: json-file
        options:
          max-file: "3"
          max-size: 10m
      networks:
        default: null
      ports:
        - mode: ingress
          target: 5000
          published: "5000"
          protocol: tcp
      restart: unless-stopped
      volumes:
        - type: volume
          source: dopilot-server-data
          target: /server-data
          volume: {}
  networks:
    default:
      name: docker_default
  volumes:
    dopilot-agent1-data:
      name: docker_dopilot-agent1-data
    dopilot-agent2-data:
      name: docker_dopilot-agent2-data
    dopilot-agent3-data:
      name: docker_dopilot-agent3-data
    dopilot-db:
      name: docker_dopilot-db
    dopilot-redis:
      name: docker_dopilot-redis
    dopilot-server-data:
      name: docker_dopilot-server-data
  x-agent:
    command:
      - dopilot-agent
    depends_on:
      redis:
        condition: service_healthy
    healthcheck:
      interval: 5s
      retries: 20
      start_period: 30s
      test:
        - CMD
        - dopilot-agent-healthcheck
      timeout: 5s
    image: rabbir/dopilot:latest
    init: true
    logging:
      driver: json-file
      options:
        max-file: "3"
        max-size: 10m
    restart: unless-stopped
  x-logging:
    driver: json-file
    options:
      max-file: "3"
      max-size: 10m
  解析退出码=0
PASS  docker-compose.yml 解析成功
PASS  docker-compose.yml 渲染结果无裸旧名 key
  DOPILOT_REDIS_URL 含注入密码的行数=4
PASS  docker-compose.yml 密码已进入 Redis URL
PASS  docker-compose.yml redis --requirepass 与 URL 同源(同一 DOPILOT_REDIS_PASSWORD)

===== docker-compose.server.yml =====
  name: docker
  services:
    db:
      environment:
        POSTGRES_DB: dopilot
        POSTGRES_PASSWORD: dopilot
        POSTGRES_USER: dopilot
      healthcheck:
        test:
          - CMD-SHELL
          - pg_isready -U dopilot -d dopilot
        timeout: 5s
        interval: 5s
        retries: 10
      image: postgres:16
      logging:
        driver: json-file
        options:
          max-file: "3"
          max-size: 10m
      networks:
        default: null
      restart: unless-stopped
      volumes:
        - type: volume
          source: dopilot-db
          target: /var/lib/postgresql/data
          volume: {}
    migrate:
      command:
        - alembic
        - upgrade
        - head
      depends_on:
        db:
          condition: service_healthy
          required: true
      environment:
        DOPILOT_DATABASE_URL: postgresql+psycopg://dopilot:dopilot@db:5432/dopilot
      image: rabbir/dopilot:latest
      logging:
        driver: json-file
        options:
          max-file: "3"
          max-size: 10m
      networks:
        default: null
      restart: "no"
    redis:
      command:
        - redis-server
        - --appendonly
        - "yes"
        - --requirepass
        - tc04-pass
        - --maxmemory
        - 512mb
        - --maxmemory-policy
        - noeviction
        - --auto-aof-rewrite-percentage
        - "100"
        - --auto-aof-rewrite-min-size
        - 64mb
      healthcheck:
        test:
          - CMD
          - redis-cli
          - --no-auth-warning
          - -a
          - tc04-pass
          - ping
        timeout: 5s
        interval: 5s
        retries: 20
      image: redis:7
      logging:
        driver: json-file
        options:
          max-file: "3"
          max-size: 10m
      networks:
        default: null
      ports:
        - mode: ingress
          target: 6379
          published: "6379"
          protocol: tcp
      restart: unless-stopped
      volumes:
        - type: volume
          source: dopilot-redis
          target: /data
          volume: {}
    server:
      command:
        - dopilot-server
        - -b
        - 0.0.0.0
        - -p
        - "5000"
      depends_on:
        db:
          condition: service_healthy
          required: true
        migrate:
          condition: service_completed_successfully
          required: true
        redis:
          condition: service_healthy
          required: true
      environment:
        DOPILOT_ADMIN_API_TOKEN: change-me-admin-api-token
        DOPILOT_ADMIN_PASSWORD: change-me
        DOPILOT_AGENT_TOKEN: ""
        DOPILOT_DATABASE_URL: postgresql+psycopg://dopilot:dopilot@db:5432/dopilot
        DOPILOT_REDIS_URL: redis://:tc04-pass@redis:6379/0
        DOPILOT_SERVER_DATA_DIR: /server-data
      healthcheck:
        test:
          - CMD
          - python3
          - -c
          - import urllib.request,sys; sys.exit(0 if urllib.request.urlopen('http://localhost:5000/api/v1/health', timeout=3).status==200 else 1)
        timeout: 5s
        interval: 5s
        retries: 20
        start_period: 20s
      image: rabbir/dopilot:latest
      init: true
      logging:
        driver: json-file
        options:
          max-file: "3"
          max-size: 10m
      networks:
        default: null
      ports:
        - mode: ingress
          target: 5000
          published: "5000"
          protocol: tcp
      restart: unless-stopped
      volumes:
        - type: volume
          source: dopilot-server-data
          target: /server-data
          volume: {}
  networks:
    default:
      name: docker_default
  volumes:
    dopilot-db:
      name: docker_dopilot-db
    dopilot-redis:
      name: docker_dopilot-redis
    dopilot-server-data:
      name: docker_dopilot-server-data
  x-logging:
    driver: json-file
    options:
      max-file: "3"
      max-size: 10m
  解析退出码=0
PASS  docker-compose.server.yml 解析成功
PASS  docker-compose.server.yml 渲染结果无裸旧名 key
  DOPILOT_REDIS_URL 含注入密码的行数=1
PASS  docker-compose.server.yml 密码已进入 Redis URL
PASS  docker-compose.server.yml redis --requirepass 与 URL 同源(同一 DOPILOT_REDIS_PASSWORD)

===== docker-compose.agent.yml =====
  name: docker
  services:
    scrapy-agent-remote-1:
      command:
        - dopilot-agent
      environment:
        DOPILOT_AGENT_ID: scrapy-agent-remote-1
        DOPILOT_AGENT_TOKEN: tc04-agent-token-1234567890
        DOPILOT_AGENT_WORKDIR: /agent-data
        DOPILOT_REDIS_URL: redis://:tc04-pass@tc04-host:6379/0
        DOPILOT_SERVER_URL: http://tc04-server:5000
      healthcheck:
        test:
          - CMD
          - dopilot-agent-healthcheck
        timeout: 5s
        interval: 5s
        retries: 20
        start_period: 30s
      image: rabbir/dopilot:latest
      init: true
      logging:
        driver: json-file
        options:
          max-file: "3"
          max-size: 10m
      networks:
        default: null
      restart: unless-stopped
      volumes:
        - type: volume
          source: dopilot-agent-remote1-data
          target: /agent-data
          volume: {}
  networks:
    default:
      name: docker_default
  volumes:
    dopilot-agent-remote1-data:
      name: docker_dopilot-agent-remote1-data
  x-logging:
    driver: json-file
    options:
      max-file: "3"
      max-size: 10m
  解析退出码=0
PASS  docker-compose.agent.yml 解析成功
PASS  docker-compose.agent.yml 渲染结果无裸旧名 key
  DOPILOT_REDIS_URL 含注入密码的行数=1
PASS  docker-compose.agent.yml 密码已进入 Redis URL
PASS  docker-compose.agent.yml Redis URL 由 DOPILOT_REDIS_PASSWORD + DOPILOT_REDIS_HOST 正确拼出
PASS  docker-compose.agent.yml 含 DOPILOT_AGENT_ID
PASS  docker-compose.agent.yml 含 DOPILOT_AGENT_WORKDIR

===== 一体栈 agent 身份逐个不同(每个 agent 必须有独立 id) =====
    scrapy-agent-1
    scrapy-agent-2
    scrapy-agent-3
PASS  3 个 agent 的 DOPILOT_AGENT_ID 各不相同

RESULT: PASS
EXIT=0
